// Jest Snapshot v1, https://goo.gl/fbAQLP

exports[`Some component renders correctly 1`] = `
<View
  onLayout={[Function]}
  style={
    Array [
      Object {
        "backgroundColor": "#F6F5FB",
        "flex": 1,
      },
      Object {
        "paddingBottom": 0,
      },
    ]
  }
>
  <View>
    <View
      style={
        Object {
          "paddingHorizontal": 15,
        }
      }
    >
      <View>
        <Text
          style={
            Object {
              "fontWeight": "700",
              "marginLeft": 15,
              "marginTop": 20,
            }
          }
        >
          Enter Song Name
        </Text>
      </View>
      <TextInput
        data-name="name"
        onChangeText={[Function]}
        placeholder="Song Name"
        placeholderTextColor="gray"
        style={
          Object {
            "backgroundColor": "#F6F5FB",
            "borderColor": "lightgray",
            "borderRadius": 15,
            "borderWidth": 1,
            "fontSize": 18,
            "height": 50,
            "marginTop": 10,
            "padding": 10,
          }
        }
        value=""
      />
    </View>
    <View
      style={
        Object {
          "paddingHorizontal": 15,
        }
      }
    >
      <View>
        <Text
          style={
            Object {
              "fontWeight": "700",
              "marginLeft": 15,
              "marginTop": 20,
            }
          }
        >
          Enter Song Description
        </Text>
      </View>
      <TextInput
        data-name="description"
        onChangeText={[Function]}
        placeholder="Song Description"
        placeholderTextColor="gray"
        style={
          Object {
            "backgroundColor": "#F6F5FB",
            "borderColor": "lightgray",
            "borderRadius": 15,
            "borderWidth": 1,
            "fontSize": 18,
            "height": 50,
            "marginTop": 10,
            "padding": 10,
          }
        }
        value=""
      />
    </View>
    <View
      style={
        Object {
          "alignItems": "center",
          "flexDirection": "row",
          "justifyContent": "space-between",
          "marginVertical": 20,
          "paddingHorizontal": 15,
        }
      }
    />
    <View
      style={
        Object {
          "alignItems": "center",
          "borderBottomColor": "#E6E9F9",
          "borderBottomWidth": 2,
          "flexDirection": "row",
        }
      }
    />
    <View
      accessible={true}
      collapsable={false}
      focusable={true}
      onClick={[Function]}
      onResponderGrant={[Function]}
      onResponderMove={[Function]}
      onResponderRelease={[Function]}
      onResponderTerminate={[Function]}
      onResponderTerminationRequest={[Function]}
      onStartShouldSetResponder={[Function]}
      style={
        Object {
          "alignItems": "center",
          "backgroundColor": "#7DE695",
          "borderColor": "#fff",
          "borderRadius": 15,
          "borderWidth": 1,
          "flexDirection": "row",
          "justifyContent": "center",
          "marginHorizontal": 10,
          "marginVertical": 10,
          "opacity": 1,
        }
      }
    >
      <Text
        style={
          Object {
            "color": "white",
            "fontSize": 20,
            "fontWeight": "500",
            "letterSpacing": 0.8,
            "paddingVertical": 15,
          }
        }
      >
        Add
      </Text>
    </View>
    <View />
  </View>
</View>
`;
